=== image topic check start: 2026-10-04T16:35:19+08:00 ===
bag: /home/nvidia/drone/stage1_m2dgr_experiments/bags/Parking_02/parking2_ros2
topic: /camera/color/image_raw
--- topic info ---
--- starting bag playback ---
stdin is not a terminal device. Keyboard handling disabled.[INFO] [1791102921.138642075] [rosbag2_storage]: Opened database '/home/nvidia/drone/stage1_m2dgr_experiments/bags/Parking_02/parking2_ros2/parking2_ros2.db3' for READ_ONLY.
[INFO] [1791102921.138809281] [rosbag2_player]: Set rate to 1
[INFO] [1791102921.150675636] [rosbag2_player]: Adding keyboard callbacks.
[INFO] [1791102921.150793976] [rosbag2_player]: Press SPACE for Pause/Resume
[INFO] [1791102921.150834362] [rosbag2_player]: Press CURSOR_RIGHT for Play Next Message
[INFO] [1791102921.150863963] [rosbag2_player]: Press CURSOR_UP for Increase Rate 10%
[INFO] [1791102921.150885692] [rosbag2_player]: Press CURSOR_DOWN for Decrease Rate 10%
[INFO] [1791102921.151886432] [rosbag2_storage]: Opened database '/home/nvidia/drone/stage1_m2dgr_experiments/bags/Parking_02/parking2_ros2/parking2_ros2.db3' for READ_ONLY.
header:
  stamp:
    sec: 1668742171
    nanosec: 972859383
  frame_id: camera_color_optical_frame
height: 480
width: 640
encoding: rgb8
is_bigendian: 0
step: 1920
data:
- 198
- 193
- 189
- 196
- 191
- 187
- 199
- 192
- 186
- 203
- 196
- 190
- 204
- 195
- 190
- 204
- 195
- 190
- 203
- 194
- 189
- 204
- 195
- 190
- 206
- 195
- 190
- 206
- 195
- 190
- 205
- 194
- 189
- 205
- 194
- 189
- 203
- 194
- 189
- 203
- 194
- 189
- 202
- 195
- 189
- 202
- 195
- 189
- 202
- 195
- 189
- 195
- 188
- 182
- 182
- 176
- 180
- 176
- 170
- 174
- 169
- 169
- 173
- 168
- 168
- 172
- 160
- 166
- 168
- 156
- 162
- 164
- 150
- 155
- 162
- 145
- 150
- 157
- 146
- 145
- 149
- 150
- 149
- 153
- 167
- 160
- 154
- 180
- 173
- 167
- 186
- 184
- 172
- 185
- 183
- 171
- 178
- 182
- 175
- 184
- 188
- 181
- 175
- 186
- 186
- 135
- 146
- 146
- 130
- 129
- 140
- 129
- 128
- 139
- 134
- 131
- 126
- 136
- 133
- 128
- 139
- 136
- 131
- 142
- 139
- 134
- 143
- 143
- '...'
---
[INFO] [1791102924.383679466] [rclcpp]: signal_handler(SIGINT/SIGTERM)
echo_return_code: 0
=== image topic check end: 2026-10-04T16:35:24+08:00 ===
