=== ORB-SLAM3 Pangolin run start: 2026-10-04T17:40:01+08:00 ===
display: :0
playback_rate: 0.5
trajectory: /home/nvidia/drone/stage1_m2dgr_experiments/results/Parking_02/orbslam3/KeyFrameTrajectory_TUM_Format_pangolin_rate0.5.txt

ORB-SLAM3 Copyright (C) 2017-2020 Carlos Campos, Richard Elvira, Juan J. Gómez, José M.M. Montiel and Juan D. Tardós, University of Zaragoza.
ORB-SLAM2 Copyright (C) 2014-2016 Raúl Mur-Artal, José M.M. Montiel and Juan D. Tardós, University of Zaragoza.
This program comes with ABSOLUTELY NO WARRANTY;
This is free software, and you are welcome to redistribute it
under certain conditions. See LICENSE.txt.

Input sensor was set to: Monocular
Loading settings from /home/nvidia/drone/stage1_m2dgr_experiments/configs/orbslam3_parking2_camera.yaml
	-Loaded camera 1
Camera.newHeight optional parameter does not exist...
Camera.newWidth optional parameter does not exist...
	-Loaded image info
	-Loaded ORB settings
Viewer.imageViewScale optional parameter does not exist...
	-Loaded viewer settings
System.LoadAtlasFromFile optional parameter does not exist...
System.SaveAtlasToFile optional parameter does not exist...
	-Loaded Atlas settings
System.thFarPoints optional parameter does not exist...
	-Loaded misc parameters
----------------------------------
SLAM settings: 
	-Camera 1 parameters (Pinhole): [ 603.956 603.126 324.086 232.723 ]
	-Camera 1 distortion parameters: [  0 0 0 0 0 ]
	-Original image size: [ 640 , 480 ]
	-Current image size: [ 640 , 480 ]
	-Sequence FPS: 15
	-Features per image: 1000
	-ORB scale factor: 1.2
	-ORB number of scales: 8
	-Initial FAST threshold: 20
	-Min FAST threshold: 7


Loading ORB Vocabulary. This could take a while...
Vocabulary loaded!

Initialization of Atlas from scratch 
Creation of new map with id: 0
Creation of new map with last KF id: 0
Seq. Name: 
There are 1 cameras in the atlas
Camera 0 is pinhole
[INFO] [1791106812.138657492] [orb_slam3_mono]: ORB-SLAM3 ROS 2 monocular interface ready; image topic: /camera/color/image_raw
Gtk-Message: 17:40:12.241: Failed to load module "canberra-gtk-module"
Starting the Viewer
=== playback start: 2026-10-04T17:40:19+08:00 ===
stdin is not a terminal device. Keyboard handling disabled.[INFO] [1791106820.322654230] [rosbag2_storage]: Opened database '/home/nvidia/drone/stage1_m2dgr_experiments/bags/Parking_02/parking2_ros2/parking2_ros2.db3' for READ_ONLY.
[INFO] [1791106820.322839867] [rosbag2_player]: Set rate to 0.5
[INFO] [1791106820.333817385] [rosbag2_player]: Adding keyboard callbacks.
[INFO] [1791106820.334019758] [rosbag2_player]: Press SPACE for Pause/Resume
[INFO] [1791106820.334063568] [rosbag2_player]: Press CURSOR_RIGHT for Play Next Message
[INFO] [1791106820.334099024] [rosbag2_player]: Press CURSOR_UP for Increase Rate 10%
[INFO] [1791106820.334132561] [rosbag2_player]: Press CURSOR_DOWN for Decrease Rate 10%
[INFO] [1791106820.335445074] [rosbag2_storage]: Opened database '/home/nvidia/drone/stage1_m2dgr_experiments/bags/Parking_02/parking2_ros2/parking2_ros2.db3' for READ_ONLY.
First KF:0; Map init KF:0
New Map created with 139 points
Fail to track local map!
SYSTEM-> Reseting active map in monocular case
LM: Active map reset recieved
LM: Active map reset, waiting...
LM: Reseting current map in Local Mapping...
LM: End reseting Local Mapping...
LM: Reset free the mutex
LM: Active map reset, Done!!!
mnFirstFrameId = 283
mnInitialFrameId = 0
2 Frames set to lost
=== fatal error detected; stopping immediately: 2026-10-04T17:41:06+08:00 ===
[INFO] [1791106866.367171743] [rclcpp]: signal_handler(SIGINT/SIGTERM)
[INFO] [1791106866.367240257] [rclcpp]: signal_handler(SIGINT/SIGTERM)
Shutdown

Saving keyframe trajectory to /home/nvidia/drone/stage1_m2dgr_experiments/results/Parking_02/orbslam3/KeyFrameTrajectory_TUM_Format_pangolin_rate0.5.txt ...
=== Pangolin run end: 2026-10-04T17:41:06+08:00 ===
