[INFO] [1791106177.299341416] [tum_path_publisher]: Loaded 116 poses from /home/nvidia/drone/stage1_m2dgr_experiments/results/Parking_02/orbslam3/KeyFrameTrajectory_TUM_Format_rate0.5.txt; publishing /orb_trajectory
[INFO] [1791106180.745610000] [rviz2]: Stereo is NOT SUPPORTED
[INFO] [1791106180.745928182] [rviz2]: OpenGl version: 4.6 (GLSL 4.6)
[INFO] [1791106180.801704447] [rviz2]: Stereo is NOT SUPPORTED
[INFO] [1791106195.332187687] [rclcpp]: signal_handler(SIGINT/SIGTERM)
Traceback (most recent call last):
  File "/home/nvidia/drone/stage1_m2dgr_experiments/scripts/publish_tum_path_ros2.py", line 53, in main
    rclpy.spin(node)
  File "/opt/ros/humble/local/lib/python3.10/dist-packages/rclpy/__init__.py", line 229, in spin
    executor.spin_once()
  File "/opt/ros/humble/local/lib/python3.10/dist-packages/rclpy/executors.py", line 808, in spin_once
    self._spin_once_impl(timeout_sec)
  File "/opt/ros/humble/local/lib/python3.10/dist-packages/rclpy/executors.py", line 797, in _spin_once_impl
    handler, entity, node = self.wait_for_ready_callbacks(timeout_sec=timeout_sec)
  File "/opt/ros/humble/local/lib/python3.10/dist-packages/rclpy/executors.py", line 780, in wait_for_ready_callbacks
    return next(self._cb_iter)
  File "/opt/ros/humble/local/lib/python3.10/dist-packages/rclpy/executors.py", line 681, in _wait_for_ready_callbacks
    raise ExternalShutdownException()
rclpy.executors.ExternalShutdownException

During handling of the above exception, another exception occurred:

Traceback (most recent call last):
  File "/home/nvidia/drone/stage1_m2dgr_experiments/scripts/publish_tum_path_ros2.py", line 60, in <module>
    main()
  File "/home/nvidia/drone/stage1_m2dgr_experiments/scripts/publish_tum_path_ros2.py", line 56, in main
    rclpy.shutdown()
  File "/opt/ros/humble/local/lib/python3.10/dist-packages/rclpy/__init__.py", line 130, in shutdown
    _shutdown(context=context)
  File "/opt/ros/humble/local/lib/python3.10/dist-packages/rclpy/utilities.py", line 58, in shutdown
    return context.shutdown()
  File "/opt/ros/humble/local/lib/python3.10/dist-packages/rclpy/context.py", line 102, in shutdown
    self.__context.shutdown()
rclpy._rclpy_pybind11.RCLError: failed to shutdown: rcl_shutdown already called on the given context, at ./src/rcl/init.c:241
